ckin/lin_alg.c:25:5:inv_33	144	static
ckin/lin_alg.c:61:5:inv_22	16	static
ckin/lin_alg.c:83:5:solve_33_3	304	static
ckin/lin_alg.c:123:5:solve_22_2	176	static
ckin/lin_alg.c:166:6:row_swap	96	static
ckin/lin_alg.c:182:6:row_swap_9x9	112	static
ckin/lin_alg.c:199:6:row_swap_12x12	144	static
ckin/lin_alg.c:216:6:row_swap_13x13	144	static
ckin/lin_alg.c:233:6:row_swap_15x15	160	static
ckin/lin_alg.c:256:6:col_op	16	static
ckin/lin_alg.c:275:8:determinant_66	368	static
ckin/lin_alg.c:328:6:row_op	16	static
ckin/lin_alg.c:339:6:row_op_9x9	16	static
ckin/lin_alg.c:351:6:row_op_12x12	16	static
ckin/lin_alg.c:363:6:row_op_13x13	16	static
ckin/lin_alg.c:375:6:row_op_15x15	16	static
ckin/lin_alg.c:397:5:solve_66_gauss_elim	384	static
ckin/lin_alg.c:470:5:solve_9x9_gauss_elim	736	static
ckin/lin_alg.c:534:5:solve_12x12_gauss_elim	1248	static
ckin/lin_alg.c:598:5:solve_13x13_gauss_elim	1440	static
ckin/lin_alg.c:661:5:solve_15x15_gauss_elim	1888	static
ckin/lin_alg.c:739:5:solve_66_6_damped_ls	432	static
ckin/lin_alg.c:777:5:solve_9x9_9_damped_ls	816	static
ckin/lin_alg.c:814:5:solve_12x12_12_damped_ls	1344	static
ckin/lin_alg.c:851:5:solve_13x13_13_damped_ls	1552	static
ckin/lin_alg.c:888:5:solve_15x15_15_damped_ls	2016	static
